<?xml version="1.0" encoding="utf-8"?>
<search>
  <entry>
    <title><![CDATA[自建NAS如何使用大于2TB的硬盘(从分区开始）]]></title>
    <url>%2F2018%2F06%2F18%2F%E8%87%AA%E5%BB%BANAS%E5%A6%82%E4%BD%95%E4%BD%BF%E7%94%A8%E5%A4%A7%E4%BA%8E2TB%E7%9A%84%E7%A1%AC%E7%9B%98%2F</url>
    <content type="text"><![CDATA[需求说明：自建NAS，自备了两块3T的硬盘，如何操作才能正常的使用？思路说明： 按照自己的需求对两块3T硬盘分区； 对分区进行格式化； 挂载到某一目录（需设置开机自动挂载） 上传文件测试； 硬盘分区 最常见的分区如下所示：123456789101112131415161718192021222324252627282930313233343536373839404142434445464748495051525354555657585960616263646566#系统kyeup@kyeup-nas:~$ lsb_release -aNo LSB modules are available.Distributor ID: DebianDescription: Debian GNU/Linux 9.4 (stretch)Release: 9.4Codename: stretchkyeup@kyeup-nas:~$ sudo fdisk -l[sudo] kyeup 的密码：Disk /dev/sda: 74.5 GiB, 80026361856 bytes, 156301488 sectorsUnits: sectors of 1 * 512 = 512 bytesSector size (logical/physical): 512 bytes / 512 bytesI/O size (minimum/optimal): 512 bytes / 512 bytesDisklabel type: gptDisk identifier: E57E46D1-111A-4C41-BAFD-62AA237015D1Device Start End Sectors Size Type/dev/sda1 2048 1050623 1048576 512M EFI System/dev/sda2 1050624 148615167 147564544 70.4G Linux filesystem/dev/sda3 148615168 156301311 7686144 3.7G Linux swapDisk /dev/sdc: 2.7 TiB, 3000592982016 bytes, 5860533168 sectorsUnits: sectors of 1 * 512 = 512 bytesSector size (logical/physical): 512 bytes / 4096 bytesI/O size (minimum/optimal): 4096 bytes / 4096 bytesDisk /dev/sdb: 2.7 TiB, 3000592982016 bytes, 5860533168 sectorsUnits: sectors of 1 * 512 = 512 bytesSector size (logical/physical): 512 bytes / 4096 bytesI/O size (minimum/optimal): 4096 bytes / 4096 byteskyeup@kyeup-nas:~$ sudo fdisk /dev/sdbWelcome to fdisk (util-linux 2.29.2).Changes will remain in memory only, until you decide to write them.Be careful before using the write command.Device does not contain a recognized partition table.The size of this disk is 2.7 TiB (3000592982016 bytes). DOS partition table format can not be used on drives for volumes larger than 2199023255040 bytes for 512-byte sectors. Use GUID partition table format (GPT).Created a new DOS disklabel with disk identifier 0x4d35f874.Command (m for help): nPartition type p primary (0 primary, 0 extended, 4 free) e extended (container for logical partitions)Select (default p): pPartition number (1-4, default 1): First sector (2048-4294967295, default 2048): Last sector, +sectors or +size&#123;K,M,G,T,P&#125; (2048-4294967294, default 4294967294): Created a new partition 1 of type &apos;Linux&apos; and of size 2 TiB.Command (m for help): pDisk /dev/sdb: 2.7 TiB, 3000592982016 bytes, 5860533168 sectorsUnits: sectors of 1 * 512 = 512 bytesSector size (logical/physical): 512 bytes / 4096 bytesI/O size (minimum/optimal): 4096 bytes / 4096 bytesDisklabel type: dosDisk identifier: 0x4d35f874Device Boot Start End Sectors Size Id Type/dev/sdb1 2048 4294967294 4294965247 2T 83 LinuxCommand (m for help): q 根据上面的提示：1The size of this disk is 2.7 TiB (3000592982016 bytes). DOS partition table format can not be used on drives for volumes larger than 2199023255040 bytes for 512-byte sectors. Use GUID partition table format (GPT). 12Device Boot Start End Sectors Size Id Type/dev/sdb1 2048 4294967294 4294965247 2T 83 Linux MBR 分区表类型最大支持2T，对于大于2T的硬盘需要使用GPT分区。另外，fdisk只对mbr分区有效，故而使用==parted分区==。 MBR（Master Boot Record） 主引导记录，是传统的分区机制，应用于绝大多数使用BIOS的PC设备 MBR支持32位和64位系统。 MBR支持分区数量有限。 MBR只支持不超过2T的硬盘，超过2T的硬盘将只能用2T空间（有第三方解决方法）。GPT（GUID Partition Table） 全局唯一标识分区表，是一个较新的分区机制，解决了MBR很多缺点。 支持超过2T的磁盘（64位寻址空间）。fdisk最大只能建立2TB大小的分区，创建一个大于2TB的分区使用parted。 向后兼容MBR。 必须在支持uEFI的硬件上才能使用（Intel提出，用于取代BIOS）。 必须使用64位系统。 Mac、Linux系统都能支持GPT分区格式。 Windows 7/8 64bit、Windows Server 2008 64bit支持GPT。 以上就是Linux系统MBR和GPT分区的区别，总得来说GPT比MBR更先进，但是MBR的兼容性比GPT要好。123456789101112131415161718192021222324252627282930313233343536373839404142434445464748495051525354555657585960616263646566676869707172737475767778798081828384858687888990919293949596979899100101102103104105106107108109110111112113114115116117118119120kyeup@kyeup-nas:/sys/block$ sudo parted /dev/sdbGNU Parted 3.2Using /dev/sdbWelcome to GNU Parted! Type &apos;help&apos; to view a list of commands.(parted) p Model: ATA WD30EZRZ-64D85Y0 (scsi)Disk /dev/sdb: 3001GBSector size (logical/physical): 512B/4096BPartition Table: gptDisk Flags: Number Start End Size File system Name Flags(parted) mkpart Partition name? []? fun1File system type? [ext2]? ext4Start? 0%End? 1T(parted) p Model: ATA WD30EZRZ-64D85Y0 (scsi)Disk /dev/sdb: 3001GBSector size (logical/physical): 512B/4096BPartition Table: gptDisk Flags: Number Start End Size File system Name Flags 1 1049kB 1000GB 1000GB ext4 fun1(parted) mkpart Partition name? []? fun2 File system type? [ext2]? ext4Start? 1T End? 100% (parted) p Model: ATA WD30EZRZ-64D85Y0 (scsi)Disk /dev/sdb: 3001GBSector size (logical/physical): 512B/4096BPartition Table: gptDisk Flags: Number Start End Size File system Name Flags 1 1049kB 1000GB 1000GB ext4 fun1 2 1000GB 3001GB 2001GB ext4 fun2(parted) quitInformation: You may need to update /etc/fstab.kyeup@kyeup-nas:~$ sudo parted /dev/sdcGNU Parted 3.2Using /dev/sdcWelcome to GNU Parted! Type &apos;help&apos; to view a list of commands.(parted) p Model: ATA WD30EFRX-68EUZN0 (scsi)Disk /dev/sdc: 3001GBSector size (logical/physical): 512B/4096BPartition Table: gptDisk Flags: Number Start End Size File system Name Flags(parted) mkpart Partition name? []? work1 File system type? [ext2]? ext4Start? 0% End? 1T (parted) mkpart Partition name? []? work2File system type? [ext2]? ext4 Start? 1T End? 100% (parted) p Model: ATA WD30EFRX-68EUZN0 (scsi)Disk /dev/sdc: 3001GBSector size (logical/physical): 512B/4096BPartition Table: gptDisk Flags: Number Start End Size File system Name Flags 1 1049kB 1000GB 1000GB ext4 work1 2 1000GB 3001GB 2001GB ext4 work2(parted) quit Information: You may need to update /etc/fstab.kyeup@kyeup-nas:~$ sudo fdisk -lDisk /dev/sda: 74.5 GiB, 80026361856 bytes, 156301488 sectorsUnits: sectors of 1 * 512 = 512 bytesSector size (logical/physical): 512 bytes / 512 bytesI/O size (minimum/optimal): 512 bytes / 512 bytesDisklabel type: gptDisk identifier: E57E46D1-111A-4C41-BAFD-62AA237015D1Device Start End Sectors Size Type/dev/sda1 2048 1050623 1048576 512M EFI System/dev/sda2 1050624 148615167 147564544 70.4G Linux filesystem/dev/sda3 148615168 156301311 7686144 3.7G Linux swapDisk /dev/sdc: 2.7 TiB, 3000592982016 bytes, 5860533168 sectorsUnits: sectors of 1 * 512 = 512 bytesSector size (logical/physical): 512 bytes / 4096 bytesI/O size (minimum/optimal): 4096 bytes / 4096 bytesDisklabel type: gptDisk identifier: 16CD8258-758E-4FE4-B198-DF40ABE49BE3Device Start End Sectors Size Type/dev/sdc1 2048 1953124351 1953122304 931.3G Linux filesystem/dev/sdc2 1953124352 5860532223 3907407872 1.8T Linux filesystemDisk /dev/sdb: 2.7 TiB, 3000592982016 bytes, 5860533168 sectorsUnits: sectors of 1 * 512 = 512 bytesSector size (logical/physical): 512 bytes / 4096 bytesI/O size (minimum/optimal): 4096 bytes / 4096 bytesDisklabel type: gptDisk identifier: BD41449F-41EB-43DB-B797-185363963AE1Device Start End Sectors Size Type/dev/sdb1 2048 1953124351 1953122304 931.3G Linux filesystem/dev/sdb2 1953124352 5860532223 3907407872 1.8T Linux filesystem Start? 0%End? 1T(parted) mkpartPartition name? []? work2File system type? [ext2]? ext4Start? 1TEnd? 100%注意此处是0% 100% 对分区进行格式化12345678910111213141516171819202122232425262728293031323334353637383940414243444546474849505152535455565758596061626364656667686970717273747576777879808182838485868788899091kyeup@kyeup-nas:~$ sudo fdisk -lDisk /dev/sda: 74.5 GiB, 80026361856 bytes, 156301488 sectorsUnits: sectors of 1 * 512 = 512 bytesSector size (logical/physical): 512 bytes / 512 bytesI/O size (minimum/optimal): 512 bytes / 512 bytesDisklabel type: gptDisk identifier: E57E46D1-111A-4C41-BAFD-62AA237015D1Device Start End Sectors Size Type/dev/sda1 2048 1050623 1048576 512M EFI System/dev/sda2 1050624 148615167 147564544 70.4G Linux filesystem/dev/sda3 148615168 156301311 7686144 3.7G Linux swapDisk /dev/sdc: 2.7 TiB, 3000592982016 bytes, 5860533168 sectorsUnits: sectors of 1 * 512 = 512 bytesSector size (logical/physical): 512 bytes / 4096 bytesI/O size (minimum/optimal): 4096 bytes / 4096 bytesDisklabel type: gptDisk identifier: 16CD8258-758E-4FE4-B198-DF40ABE49BE3Device Start End Sectors Size Type/dev/sdc1 2048 1953124351 1953122304 931.3G Linux filesystem/dev/sdc2 1953124352 5860532223 3907407872 1.8T Linux filesystemDisk /dev/sdb: 2.7 TiB, 3000592982016 bytes, 5860533168 sectorsUnits: sectors of 1 * 512 = 512 bytesSector size (logical/physical): 512 bytes / 4096 bytesI/O size (minimum/optimal): 4096 bytes / 4096 bytesDisklabel type: gptDisk identifier: BD41449F-41EB-43DB-B797-185363963AE1Device Start End Sectors Size Type/dev/sdb1 2048 1953124351 1953122304 931.3G Linux filesystem/dev/sdb2 1953124352 5860532223 3907407872 1.8T Linux filesystemkyeup@kyeup-nas:~$ sudo mkfs.ext4 /dev/sdb1mke2fs 1.43.4 (31-Jan-2017)创建含有 244140288 个块（每块 4k）和 61038592 个inode的文件系统文件系统UUID：a5fc03f1-255b-4561-b3b2-9c17c324d935超级块的备份存储于下列块： 32768, 98304, 163840, 229376, 294912, 819200, 884736, 1605632, 2654208, 4096000, 7962624, 11239424, 20480000, 23887872, 71663616, 78675968, 102400000, 214990848正在分配组表： 完成 正在写入inode表： 完成 创建日志（262144 个块）完成写入超级块和文件系统账户统计信息： 已完成 kyeup@kyeup-nas:~$ sudo mkfs.ext4 /dev/sdb2mke2fs 1.43.4 (31-Jan-2017)创建含有 488425984 个块（每块 4k）和 122109952 个inode的文件系统文件系统UUID：b4e66cc9-f7c0-489b-beda-8e5a481c61e0超级块的备份存储于下列块： 32768, 98304, 163840, 229376, 294912, 819200, 884736, 1605632, 2654208, 4096000, 7962624, 11239424, 20480000, 23887872, 71663616, 78675968, 102400000, 214990848正在分配组表： 完成 正在写入inode表： 完成 创建日志（262144 个块）完成写入超级块和文件系统账户统计信息： 已完成 kyeup@kyeup-nas:~$ sudo mkfs.ext4 /dev/sdc1mke2fs 1.43.4 (31-Jan-2017)创建含有 244140288 个块（每块 4k）和 61038592 个inode的文件系统文件系统UUID：b568092d-ccba-47ca-ba38-af90db375983超级块的备份存储于下列块： 32768, 98304, 163840, 229376, 294912, 819200, 884736, 1605632, 2654208, 4096000, 7962624, 11239424, 20480000, 23887872, 71663616, 78675968, 102400000, 214990848正在分配组表： 完成 正在写入inode表： 完成 创建日志（262144 个块）完成写入超级块和文件系统账户统计信息： 已完成 kyeup@kyeup-nas:~$ sudo mkfs.ext4 /dev/sdc2mke2fs 1.43.4 (31-Jan-2017)创建含有 488425984 个块（每块 4k）和 122109952 个inode的文件系统文件系统UUID：837dfafb-3cff-4c15-9bea-33cc18abc3bb超级块的备份存储于下列块： 32768, 98304, 163840, 229376, 294912, 819200, 884736, 1605632, 2654208, 4096000, 7962624, 11239424, 20480000, 23887872, 71663616, 78675968, 102400000, 214990848正在分配组表： 完成 正在写入inode表： 完成 创建日志（262144 个块）完成写入超级块和文件系统账户统计信息： 已完成 挂载到某一目录（需设置开机自动挂载）123456789101112131415161718192021222324252627282930313233343536373839404142434445464748kyeup@kyeup-nas:~$ sudo blkid/dev/sda1: UUID=&quot;8982-B086&quot; TYPE=&quot;vfat&quot; PARTUUID=&quot;b5461768-be0f-4ff2-bccb-44ebc7f84a5d&quot;/dev/sda2: UUID=&quot;17dbffb4-ff98-4ba4-b0c0-270d0ac12f07&quot; TYPE=&quot;ext4&quot; PARTUUID=&quot;4be18a0f-4d18-47a5-8c94-580251b97803&quot;/dev/sda3: UUID=&quot;effcd1ac-b4ed-4c62-894c-66aca5fc61f2&quot; TYPE=&quot;swap&quot; PARTUUID=&quot;4a1dfc34-9c37-4345-8516-7e5d868eaef6&quot;/dev/sdc1: UUID=&quot;b568092d-ccba-47ca-ba38-af90db375983&quot; TYPE=&quot;ext4&quot; PARTLABEL=&quot;work1&quot; PARTUUID=&quot;e57513c5-a3d4-4b5d-a4a7-0ab1980f153b&quot;/dev/sdc2: UUID=&quot;837dfafb-3cff-4c15-9bea-33cc18abc3bb&quot; TYPE=&quot;ext4&quot; PARTLABEL=&quot;work2&quot; PARTUUID=&quot;0a993b35-34b6-49fc-80e3-aac086304ff0&quot;/dev/sdb1: UUID=&quot;a5fc03f1-255b-4561-b3b2-9c17c324d935&quot; TYPE=&quot;ext4&quot; PARTLABEL=&quot;fun1&quot; PARTUUID=&quot;00edb0eb-153a-41bd-9aa8-99749c1dac4a&quot;/dev/sdb2: UUID=&quot;b4e66cc9-f7c0-489b-beda-8e5a481c61e0&quot; TYPE=&quot;ext4&quot; PARTLABEL=&quot;fun2&quot; PARTUUID=&quot;dc10cdd3-4d52-47f7-be6d-85e04f7c1acd&quot;#新建挂载的目录 kyeup@kyeup-nas:~$ sudo mkdir /fun1 /fun2 /work1 /work2#编辑 /etc/fstabkyeup@kyeup-nas:~$ sudo cat /etc/fstab# /etc/fstab: static file system information.## Use &apos;blkid&apos; to print the universally unique identifier for a# device; this may be used with UUID= as a more robust way to name devices# that works even if disks are added and removed. See fstab(5).## &lt;file system&gt; &lt;mount point&gt; &lt;type&gt; &lt;options&gt; &lt;dump&gt; &lt;pass&gt;# / was on /dev/sda2 during installationUUID=17dbffb4-ff98-4ba4-b0c0-270d0ac12f07 / ext4 errors=remount-ro 0 1# /boot/efi was on /dev/sda1 during installationUUID=8982-B086 /boot/efi vfat umask=0077 0 1# swap was on /dev/sda3 during installationUUID=effcd1ac-b4ed-4c62-894c-66aca5fc61f2 none swap sw 0 0UUID=a5fc03f1-255b-4561-b3b2-9c17c324d935 /fun1 ext4 defaults 0 0UUID=b4e66cc9-f7c0-489b-beda-8e5a481c61e0 /fun2 ext4 defaults 0 0UUID=b568092d-ccba-47ca-ba38-af90db375983 /work1 ext4 defaults 0 0UUID=837dfafb-3cff-4c15-9bea-33cc18abc3bb /work2 ext4 defaults 0 0kyeup@kyeup-nas:~$ sudo mount -akyeup@kyeup-nas:~$ df -h文件系统 容量 已用 可用 已用% 挂载点udev 1.8G 0 1.8G 0% /devtmpfs 362M 5.5M 356M 2% /run/dev/sda2 69G 3.5G 62G 6% /tmpfs 1.8G 0 1.8G 0% /dev/shmtmpfs 5.0M 4.0K 5.0M 1% /run/locktmpfs 1.8G 0 1.8G 0% /sys/fs/cgroup/dev/sda1 511M 132K 511M 1% /boot/efitmpfs 362M 0 362M 0% /run/user/1000/dev/sdb1 916G 77M 870G 1% /fun1/dev/sdb2 1.8T 77M 1.7T 1% /fun2/dev/sdc1 916G 77M 870G 1% /work1/dev/sdc2 1.8T 77M 1.7T 1% /work2 上传文件测试；1234567891011121314151617kyeup@kyeup-nas:/fun2$ ls /fun[12] /work[12]/fun1:lost+found/fun2:lost+found/work1:lost+found/work2:lost+foundkyeup@kyeup-nas:/fun1$ sudo mkdir moviekyeup@kyeup-nas:/fun1$ lslost+found moviekyeup@kyeup-nas:~$ sudo chown kyeup:kyeup /fun1/movie/kyeup@kyeup-nas:/fun1/movie$ mkdir study 补充在分区的时候一定格外注意：123456789101112131415161718192021222324252627282930kyeup@kyeup-nas:~$ sudo parted /dev/sdcGNU Parted 3.2Using /dev/sdcWelcome to GNU Parted! Type &apos;help&apos; to view a list of commands.(parted) mktable New disk label type? work1parted: invalid token: work1New disk label type? gpt (parted) mkpartPartition name? []? work1 File system type? [ext2]? ext4 Start? 0 End? 1T Warning: The resulting partition is not properly aligned for best performance.Ignore/Cancel? i (parted) mkpartPartition name? []? work2 File system type? [ext2]? ext4 Start? 1T End? 100% (parted) p Model: ATA WD30EFRX-68EUZN0 (scsi)Disk /dev/sdc: 3001GBSector size (logical/physical): 512B/4096BPartition Table: gptDisk Flags: Number Start End Size File system Name Flags 1 17.4kB 1000GB 1000GB ext4 work1 2 1000GB 3001GB 2001GB ext4 work2 在start的时候，不能输入 0 或者 1，在网上大多采用这种方法，但是在后面的格式化中出现：123456789101112131415kyeup@kyeup-nas:~$ sudo mkfs.ext4 /dev/sdb1mke2fs 1.43.4 (31-Jan-2017)/dev/sdb1 未对齐，偏移了 3072 个字节。这可能导致性能下降，建议重新进行分区。创建含有 244140620 个块（每块 4k）和 61038592 个inode的文件系统文件系统UUID：d16b9bfe-8485-4795-a4ef-aeb6bf2d914e超级块的备份存储于下列块： 32768, 98304, 163840, 229376, 294912, 819200, 884736, 1605632, 2654208, 4096000, 7962624, 11239424, 20480000, 23887872, 71663616, 78675968, 102400000, 214990848正在分配组表： 完成 正在写入inode表： 完成 创建日志（262144 个块）完成写入超级块和文件系统账户统计信息： 已完成 所以出现了“4K对齐”的问题，网上有解决办法，但是试过不行之有效，所以最好的办法是使用百分比（%）的方式划分。 希望大家遇到此类问题能很快的解决！o(∩_∩)o]]></content>
      <categories>
        <category>Linux</category>
      </categories>
      <tags>
        <tag>Linux</tag>
        <tag>NAS</tag>
      </tags>
  </entry>
  <entry>
    <title><![CDATA[oracle11gR2下scott用户以及表的建立]]></title>
    <url>%2F2018%2F06%2F15%2Foracle11gR2%E4%B8%8Bscott%E7%94%A8%E6%88%B7%E4%BB%A5%E5%8F%8A%E8%A1%A8%E7%9A%84%E5%BB%BA%E7%AB%8B%2F</url>
    <content type="text"><![CDATA[oracle11gR2下scott用户以及表的建立 在oralce数据库安装完成之后，没有scott用户以及练习表，如何建立用户以及系统提供的表呢？ 操作步骤： 找到系统带的sql文件（utlsample.sql）12345[root@kyeup01 admin]# pwd/oracle/app/oracle/product/11.2.0/rdbms/admin[root@kyeup01 admin]# ll utlsampl.sql -rw-r--r--. 1 oracle oinstall 3676 6月 2 2006 utlsampl.sql` 根据SQL的内容操作新建用户并授权 1234567891011-- 删除系统带的用户DROP USER SCOTT CASCADE;DROP USER ADAMS CASCADE;DROP USER JONES CASCADE;DROP USER CLARK CASCADE;DROP USER BLAKE CASCADE;&lt;!-- more --&gt;-- 授权scott相应的权限GRANT CONNECT,RESOURCE,UNLIMITED TABLESPACE TO SCOTT IDENTIFIED BY tiger;DROP PUBLIC SYNONYM PARTS; scott登录12345678910[oracle@kyeup01 admin]$ sqlplus &apos;/as sysdba&apos;SQL*Plus: Release 11.2.0.4.0 Production on Fri Jun 15 11:31:17 2018Copyright (c) 1982, 2013, Oracle. All rights reserved.Connected to:Oracle Database 11g Enterprise Edition Release 11.2.0.4.0 - 64bit ProductionWith the Partitioning, Automatic Storage Management, OLAP, Data Miningand Real Application Testing optionsSQL&gt; conn scott/tiger;Connected. 表操作1234567891011121314151617181920212223242526272829303132333435363738394041424344454647484950515253545556575859606162636465CREATE TABLE DEPT (DEPTNO NUMBER(2) CONSTRAINT PK_DEPT PRIMARY KEY, DNAME VARCHAR2(14) , LOC VARCHAR2(13) ) ;CREATE TABLE EMP (EMPNO NUMBER(4) CONSTRAINT PK_EMP PRIMARY KEY, ENAME VARCHAR2(10), JOB VARCHAR2(9), MGR NUMBER(4), HIREDATE DATE, SAL NUMBER(7,2), COMM NUMBER(7,2), DEPTNO NUMBER(2) CONSTRAINT FK_DEPTNO REFERENCES DEPT);INSERT INTO DEPT VALUES (10,&apos;ACCOUNTING&apos;,&apos;NEW YORK&apos;);INSERT INTO DEPT VALUES (20,&apos;RESEARCH&apos;,&apos;DALLAS&apos;);INSERT INTO DEPT VALUES (30,&apos;SALES&apos;,&apos;CHICAGO&apos;);INSERT INTO DEPT VALUES (40,&apos;OPERATIONS&apos;,&apos;BOSTON&apos;);INSERT INTO EMP VALUES(7369,&apos;SMITH&apos;,&apos;CLERK&apos;,7902,to_date(&apos;17-12-1980&apos;,&apos;dd-mm-yyyy&apos;),800,NULL,20);INSERT INTO EMP VALUES(7499,&apos;ALLEN&apos;,&apos;SALESMAN&apos;,7698,to_date(&apos;20-2-1981&apos;,&apos;dd-mm-yyyy&apos;),1600,300,30);INSERT INTO EMP VALUES(7521,&apos;WARD&apos;,&apos;SALESMAN&apos;,7698,to_date(&apos;22-2-1981&apos;,&apos;dd-mm-yyyy&apos;),1250,500,30);INSERT INTO EMP VALUES(7566,&apos;JONES&apos;,&apos;MANAGER&apos;,7839,to_date(&apos;2-4-1981&apos;,&apos;dd-mm-yyyy&apos;),2975,NULL,20);INSERT INTO EMP VALUES(7654,&apos;MARTIN&apos;,&apos;SALESMAN&apos;,7698,to_date(&apos;28-9-1981&apos;,&apos;dd-mm-yyyy&apos;),1250,1400,30);INSERT INTO EMP VALUES(7698,&apos;BLAKE&apos;,&apos;MANAGER&apos;,7839,to_date(&apos;1-5-1981&apos;,&apos;dd-mm-yyyy&apos;),2850,NULL,30);INSERT INTO EMP VALUES(7782,&apos;CLARK&apos;,&apos;MANAGER&apos;,7839,to_date(&apos;9-6-1981&apos;,&apos;dd-mm-yyyy&apos;),2450,NULL,10);INSERT INTO EMP VALUES(7788,&apos;SCOTT&apos;,&apos;ANALYST&apos;,7566,to_date(&apos;13-JUL-87&apos;,&apos;dd-mm-rr&apos;)-85,3000,NULL,20);INSERT INTO EMP VALUES(7839,&apos;KING&apos;,&apos;PRESIDENT&apos;,NULL,to_date(&apos;17-11-1981&apos;,&apos;dd-mm-yyyy&apos;),5000,NULL,10);INSERT INTO EMP VALUES(7844,&apos;TURNER&apos;,&apos;SALESMAN&apos;,7698,to_date(&apos;8-9-1981&apos;,&apos;dd-mm-yyyy&apos;),1500,0,30);INSERT INTO EMP VALUES(7876,&apos;ADAMS&apos;,&apos;CLERK&apos;,7788,to_date(&apos;13-JUL-87&apos;, &apos;dd-mm-rr&apos;)-51,1100,NULL,20);INSERT INTO EMP VALUES(7900,&apos;JAMES&apos;,&apos;CLERK&apos;,7698,to_date(&apos;3-12-1981&apos;,&apos;dd-mm-yyyy&apos;),950,NULL,30);INSERT INTO EMP VALUES(7902,&apos;FORD&apos;,&apos;ANALYST&apos;,7566,to_date(&apos;3-12-1981&apos;,&apos;dd-mm-yyyy&apos;),3000,NULL,20);INSERT INTO EMP VALUES(7934,&apos;MILLER&apos;,&apos;CLERK&apos;,7782,to_date(&apos;23-1-1982&apos;,&apos;dd-mm-yyyy&apos;),1300,NULL,10);CREATE TABLE BONUS ( ENAME VARCHAR2(10) , JOB VARCHAR2(9) , SAL NUMBER, COMM NUMBER ) ;CREATE TABLE SALGRADE ( GRADE NUMBER, LOSAL NUMBER, HISAL NUMBER );INSERT INTO SALGRADE VALUES (1,700,1200);INSERT INTO SALGRADE VALUES (2,1201,1400);INSERT INTO SALGRADE VALUES (3,1401,2000);INSERT INTO SALGRADE VALUES (4,2001,3000);INSERT INTO SALGRADE VALUES (5,3001,9999);COMMIT; 查询表（使用pl/sql） 疑问以上的方法可能不是最优的方法，相当于把utlsample.sql手工执行了。网上的资料大都是这样执行的：123456789[oracle@kyeup01 admin]$ sqlplus &apos;/as sysdba&apos;SQL*Plus: Release 11.2.0.4.0 Production on Fri Jun 15 11:46:27 2018Copyright (c) 1982, 2013, Oracle. All rights reserved.Connected to:Oracle Database 11g Enterprise Edition Release 11.2.0.4.0 - 64bit ProductionWith the Partitioning, Automatic Storage Management, OLAP, Data Miningand Real Application Testing optionsSQL&gt; @/oracle/app/oracle/product/11.2.0/rdbms/admin/utlsample.sqlSP2-0310: unable to open file &quot;/oracle/app/oracle/product/11.2.0/rdbms/admin/utlsample.sql&quot; 其实命令操作错误，正确的操作如下：12345678910111213141516171819202122232425262728293031323334353637383940414243444546474849505152535455565758596061626364656667686970717273747576777879808182838485868788899091929394[oracle@kyeup01 admin]$ sqlplus &apos;/as sysdba&apos;SQL*Plus: Release 11.2.0.4.0 Production on Fri Jun 15 11:46:27 2018Copyright (c) 1982, 2013, Oracle. All rights reserved.Connected to:Oracle Database 11g Enterprise Edition Release 11.2.0.4.0 - 64bit ProductionWith the Partitioning, Automatic Storage Management, OLAP, Data Miningand Real Application Testing optionsSQL&gt;start /oracle/app/oracle/product/11.2.0/rdbms/admin/utlsampl.sqlTable created.Table created.1 row created.1 row created.1 row created.1 row created.1 row created.1 row created.1 row created.1 row created.1 row created.1 row created.1 row created.1 row created.1 row created.1 row created.1 row created.1 row created.1 row created.1 row created.Table created.Table created.1 row created.1 row created.1 row created.1 row created.1 row created.Commit complete.Disconnected from Oracle Database 11g Enterprise Edition Release 11.2.0.4.0 - 64bit ProductionWith the Partitioning, Automatic Storage Management, OLAP, Data Miningand Real Application Testing options 正解！]]></content>
      <categories>
        <category>Oracle</category>
      </categories>
      <tags>
        <tag>oracle</tag>
      </tags>
  </entry>
  <entry>
    <title><![CDATA[RHEL6.0 yum源设置]]></title>
    <url>%2F2018%2F06%2F14%2FRHEL6.0%20yum%E6%BA%90%E8%AE%BE%E7%BD%AE%2F</url>
    <content type="text"><![CDATA[设置163yum源卸载系统的yum1[root@db01 ~]#rpm -qa | grep yum | xargs rpm -e --nodeps 检查是否已经卸载完成1[root@db01 ~]#rpm -qa | grep yum | 下载yum以及相关包12345[root@db01 ~]# cd /tmp/[root@db01 tmp]# wget http://mirrors.163.com/centos/6/os/x86_64/Packages/yum-3.2.29-81.el6.centos.noarch.rpm[root@db01 tmp]# wget http://mirrors.163.com/centos/6/os/x86_64/Packages/python-iniparse-0.3.1-2.1.el6.noarch.rpm[root@db01 tmp]# wget http://mirrors.163.com/centos/6/os/x86_64/Packages/yum-metadata-parser-1.1.2-16.el6.x86_64.rpm[root@db01 tmp]# wget http://mirrors.163.com/centos/6/os/x86_64/Packages/yum-plugin-fastestmirror-1.1.30-40.el6.noarch.rpm 安装yum相关rpm包12[root@db01 tmp]# rpm -ivh python-iniparse-0.3.1-2.1.el6.noarch.rpm [root@db01 tmp]# rpm -ivh yum-metadata-parser-1.1.2-16.el6.x86_64.rpm 安装yum-3.2.29-81.el6.centos.noarch.rpm的时候提示需要安装python-urlgrabber-3.9.1-11.el6.noarch.rpm，下载相应的包，但是在安装python-urlgrabber-3.9.1-11.el6.noarch.rpm的时候提示： warning: /root/python-urlgrabber-3.9.1-11.el6.noarch.rpm: Header V3 RSA/SHA1 Signature, key ID c105b9de: NOKEY 先下载RPM-GPG-KEY-CentOS-6的命令如下1wget http://mirrors.163.com/centos/RPM-GPG-KEY-CentOS-6 然后运行rpm –import RPM* 安装完成 python-urlgrabber-3后继续：【有顺序，有依赖】1[root@db01 tmp]# rpm -ivh yum-plugin-fastestmirror-1.1.30-40.el6.noarch.rpm yum-3.2.29-81.el6.centos.noarch.rpm 清除原有缓存，建立yum列表12[root@db01 tmp]# yum clean all[root@db01 tmp]# yum makecache 备注：以上的操作步骤来自网络，实际应用没有问题，这是联网状态下更新yum源；其实在生产环境下不一定能连接外网，用的最多的是把安装盘mount到本地，设置本地yum源。 本地yum源设置挂载本地光盘123456789[root@db01 ~]# mount /dev/cdrom /mntmount: block device /dev/sr0 is write-protected, mounting read-only[root@db01 ~]# df -hFilesystem Size Used Avail Use% Mounted on/dev/sda1 42G 5.4G 34G 14% /tmpfs 2.0G 90M 1.9G 5% /dev/shm/dev/sdb1 45G 9.0G 34G 22% /oracle/dev/sdc1 40G 4.5G 33G 12% /soft/dev/sr0 3.6G 3.6G 0 100% /mnt 修改配置文件在结尾出添加以下内容后保存 123456[root@db01 ~]# vi /etc/yum.conf [RHEL]name =Linux 6.5 DVDbaseurl=file:///mnt/Server/gpgcheck=0enabled=1 测试安装rpm包~]# yum install lrzsz*1234567Loaded plugins: product-id, refresh-packagekit, security, subscription-managerThis system is not registered to Red Hat Subscription Management. You can use subscription-manager to register.RHEL | 3.9 kB 00:00 ... Setting up Install ProcessPackage lrzsz-0.12.20-27.1.el6.x86_64 already installed and latest versionNothing to do[root@db01 ~]# 备注：在项目实施中，遇到此类问题，游刃有余才行哟^_^.]]></content>
      <categories>
        <category>Linux</category>
      </categories>
      <tags>
        <tag>yum源</tag>
      </tags>
  </entry>
  <entry>
    <title><![CDATA[呼叫中心坐席功能都有哪些]]></title>
    <url>%2F2018%2F06%2F13%2F%E5%91%BC%E5%8F%AB%E4%B8%AD%E5%BF%83%E5%9D%90%E5%B8%AD%E5%8A%9F%E8%83%BD%E9%83%BD%E6%9C%89%E5%93%AA%E4%BA%9B%2F</url>
    <content type="text"><![CDATA[IPCC是IP呼叫中心（IP CallCenter）的简称，本质上是以IP技术和IP语音为主要应用技术的呼叫中心构建方式，即利用IP传输网来传输与交换语音、图像和文本等信息。（摘自 百度百科） 为什么写这篇文章呢？首先 ，这与我的工作有关系，从事这门行业时间久了，有些身边的家人朋友还不清楚自己做什么的（可能隔行如隔山，真的不懂）。其实IP呼叫中心只是我接触的项目中的一小部分，在此举例说明下生活中常见的呼叫中心，比如中国移动的10086客服热线、电信公司10000号、预定火车票12306、顺丰快递95338热线等，打电话进去听到语音导航，转接，业务的自助查询办理，以上说的这些都是呼叫中心平台的典型应用（估计很多小伙伴都知道我是做什么的了，o(∩_∩)o ）。 另外，与一些做业务系统开发的合作伙伴沟通时，涉及IPCC的一些功能不了解（请耐心对待没接触IP语音行业的小伙伴们），为此科普下呼叫中心坐席人员用到的一些功能,希望有多多少少的帮助。 呼叫中心坐席功能有哪些呢？普通坐席条(以厂家大唐高鸿提供的坐席条为例) 复位：可以在坐席工具条的状态非正常时，重新使状态条的工作状态恢复初试状态，从而继续正常工作。 置忙：表示坐席员现在正在接电话或处理别的事情，这时电话不会被分配到该坐席。 置闲：表示坐席员现在的状态可以正常接电话，这时如有电话会分配到该坐席。 外拨：往外拨电话。 取消外拨：在外拨时，对方摘机之前，点击取消外拨，会停止外拨。 保持：在通话状态点击保持，会进入保持状态，被叫方进入放音状态。 取保持：在保持状态点击取保持，将会恢复通话。 挂机：在通话状态点击挂机，坐席挂机。 咨询：坐席在通话状态，输入三方号码，点击咨询按钮，被咨询方振铃，被咨询方摘机之后坐席与被咨询方建立通话，客户方放音乐。 三方：在咨询成功之后，点击三方通话按钮，建立客户，坐席，被咨询方的三方通话。 盲转：在客户与坐席建立通话状态，坐席输入坐席盲转号码，点击坐席盲转按钮，客户方放音，被盲转方振铃，坐席分机挂机，当被盲转方摘机。被盲转方与客户方建立通话。 班长坐席条(以厂家大唐高鸿提供的坐席条为例) 强置：班长坐席，输入强置状态和强置坐席号，然后点击强制状态按钮，对相应的作息状态进行强置，强置的状态包括：0离席，7强置闲，8强置忙。 监听：班长坐席，输入监听话路id点击开始监听按钮，班长坐席分机振铃，摘机就可以对话路进行监听。 停止监听话路：班长坐席，在监听话路的状态，输入停止监听话路id点击停止监听话路按钮，停止对话路的监听，班长坐席分机挂机。 强拆：班长坐席，输入强拆话路id，点击强拆话路，对相应id的坐席的通话进行强拆，被拆坐席的通话断开。 强插：班长坐席，输入强插话路id，点击强拆话路，对相应id的坐席的通话进行强插，班长坐席分机振铃，摘机完成了一个三方通话。 拦截：班长坐席，输入拦截话路id，点击拦截话路，对相应id的坐席的话路进行拦截，班长坐席分机振铃，摘机后相应id的分机挂机，变成班长与其通话的电话进行通话。 会议功能1.创建会议：点击创建会按钮，完成创建会议，创建成功后会在状态栏的会议id处显示创建的会议id。2.删除会议：输入删除会议号码，点击删除会议，会议室删除。会议添加人员：输入加入会议号码和加入人员号码，点击会议添加人员按钮，在相应的会议室添加人员。3.会议踢出人员：输入踢出会议号码和踢出人员号码，点击会议踢出人员按钮，会议室中踢出相应的人员。4.会议对人员静音：输入静音会议号码和静音人员号码，点击会议静音按钮，就会对相应的会议室的相应人员进行静音，被静音人员的声音将不被别人听见，但是可以听见会议的声音。5.会议取消对人员静音：输入取消静音会议号码和取消静音人员号码，点击取消会议静音按钮，就会对相应会议室中的相应的被静音人员进行解除静音。 备注：班长坐席包含了普通座席的全部功能，其实在实际应用中，也是根据客户的需求定制来使用的。]]></content>
      <categories>
        <category>IP语音相关</category>
      </categories>
      <tags>
        <tag>呼叫中心</tag>
      </tags>
  </entry>
</search>
